---
source: crates/pdf/src/minutes.rs
expression: text
---
Oila kengashi bayonnomasi Karimovlar oilasi · 2026-09 · 2026-10-09 Qatnashchilar Karim aka Katta Dilnoza Katta Oy ko'rsatkichlari Daromad 8 000 000 so'm Havas sarfi 950 000 so'm Oʻzbekiston · gʻoya · oʼrik 1 000 so'm Xarajat toifalari (Zarur / Kerak / Havas) Oziq-ovqat Zarur Gazak va ichimlik Havas Dilnoza, 2026-10-09 Havas uchun oylik chegara Chegara: 1 000 000 so'm. Holati: Faol: barcha kattalar rozi Karim aka 2026-10-09 Dilnoza 2026-10-09 Imzolar Karim aka Dilnoza Ta'limiy material. Fatvo yoki moliyaviy maslahat emas.
