---
source: crates/pdf/src/budget.rs
expression: t
---
Oʻgʻil toʻyi To'y · 2026-12-12 · Qoralama Nomi Miqdor Narx Jami Manba Osh (mehmonlar) 200 150 000 so'm 30 000 000 so'm Jamg'arma Xonanda 1 5 000 000 so'm 5 000 000 so'm Qarz Jami 35 000 000 so'm Qarz 5 000 000 so'm Diqqat: 5 000 000 so'm qarz bilan moliyalanadi. Oilaviy muhokama: Kichikroq doirada o'tkazamiz Ta'limiy material. Fatvo yoki moliyaviy maslahat emas.
