---
source: crates/pdf/src/receipt.rs
expression: t
---
Qarz tilxati Qarz bergan Oʻktam gʻofur Qarz olgan Anvar Summa 3 000 000 so'm Berilgan sana 2026-10-07 Qaytarish muddati 2027-01-07 Sababi ro'zg'or Qarz foizsiz (qarzi hasana): qaytariladigan summa berilgan summaga teng. To'lov jadvali 2026-11-07 1 000 000 so'm 2026-12-07 1 000 000 so'm 2027-01-07 1 000 000 so'm Guvohlar Guvoh 1: Dilshod Guvoh 2: Imzolar Qarz bergan — Oʻktam gʻofur Qarz olgan — Anvar Ikkinchi tomon tasdig'i: hali yo'q. Bu hujjat shaxsiy hisob uchun yozuv; yuridik kuchi haqida va'da berilmaydi. Ta'limiy material. Fatvo yoki moliyaviy maslahat emas.
